<?xml version="1.0" encoding="utf-8"?><testsuites name="pytest tests"><testsuite name="pytest" errors="0" failures="0" skipped="0" tests="0" time="0.096" timestamp="2026-06-05T03:58:30.155223+00:00" hostname="vm" /></testsuites>